See http://gpgtools.lighthouseapp.com/projects/65764/tickets/191
